// Jest Snapshot v1, https://goo.gl/fbAQLP

exports[`basic value 1`] = `
BitsN {
  "idx": Object {
    "a": 0n,
    "a_c": 1n,
    "all": 1n,
    "b": 1n,
    "c": 2n,
    "d": 3n,
    "e": 4n,
    "f": 5n,
    "g": 6n,
  },
  "labels": Array [
    "a",
    "b",
    "c",
    "d",
    "e",
    "f",
    "g",
    "a_c",
    "all",
  ],
  "mask": 127n,
  "nega": Object {
    "a": 126n,
    "a_c": 120n,
    "all": 0n,
    "b": 125n,
    "c": 123n,
    "d": 119n,
    "e": 111n,
    "f": 95n,
    "g": 63n,
  },
  "posi": Object {
    "a": 1n,
    "a_c": 7n,
    "all": 127n,
    "b": 2n,
    "c": 4n,
    "d": 8n,
    "e": 16n,
    "f": 32n,
    "g": 64n,
  },
}
`;

exports[`showlabel value 1`] = `
BitsN {
  "idx": Object {
    "all": 1n,
    "current": 4n,
    "link": 8n,
    "magnify": 6n,
    "mention": 9n,
    "pin": 0n,
    "potof": 3n,
    "search": 5n,
    "side": 7n,
    "toc": 1n,
  },
  "labels": Array [
    "pin",
    "toc",
    "toc",
    "potof",
    "current",
    "search",
    "magnify",
    "side",
    "link",
    "mention",
    "all",
  ],
  "mask": 1023n,
  "nega": Object {
    "all": 0n,
    "current": 1007n,
    "link": 767n,
    "magnify": 959n,
    "mention": 511n,
    "pin": 1022n,
    "potof": 1015n,
    "search": 991n,
    "side": 895n,
    "toc": 1017n,
  },
  "posi": Object {
    "all": 1023n,
    "current": 16n,
    "link": 256n,
    "magnify": 64n,
    "mention": 512n,
    "pin": 1n,
    "potof": 8n,
    "search": 32n,
    "side": 128n,
    "toc": 6n,
  },
}
`;
